
> mortgage-educators@0.1.0 build
> next build

Γû▓ Next.js 16.1.6 (Turbopack)

  Creating an optimized production build ...
Γ£ô Compiled successfully in 3.1s
  Running TypeScript ...
  Collecting page data using 15 workers ...
  Generating static pages using 15 workers (0/20) ...
  Generating static pages using 15 workers (5/20) 
  Generating static pages using 15 workers (10/20) 
  Generating static pages using 15 workers (15/20) 
Γ£ô Generating static pages using 15 workers (20/20) in 715.7ms
  Finalizing page optimization ...

Route (app)
Γöî Γùï /
Γö£ Γùï /_not-found
Γö£ Γùï /about
Γö£ Γùï /contact
Γö£ ╞Æ /course/[id]
Γö£ ╞Æ /course/[id]/identity-check
Γö£ Γùï /courses
Γö£ ΓùÅ /courses/[slug]
Γöé Γö£ /courses/20-hour-safe-act-florida
Γöé Γö£ /courses/8-hour-annual-ce-2024
Γöé Γö£ /courses/nmls-exam-prep-ultimate
Γöé Γöö [+3 more paths]
Γö£ Γùï /faq
Γö£ Γùï /get-licensed
Γö£ Γùï /portal
Γö£ Γùï /portal/assignments
Γö£ Γùï /portal/banking
Γö£ Γùï /portal/certificates
Γöö Γùï /pricing


Γùï  (Static)   prerendered as static content
ΓùÅ  (SSG)      prerendered as static HTML (uses generateStaticParams)
╞Æ  (Dynamic)  server-rendered on demand

